public class BoaNoite {

	/* Este é meu primeiro pgm Java
	 * ele exibe Boa Noite
	 */
	 
	public static void main(String []args){
		// exibe Boa Noite
		System.out.println("Boa Noite");
	}


}


Aula 2 - 06/09/2022

Links  e comandos para o curso de java
 
Git  
https://git-scm.com/downloads

https://github.com/
https://github.com/signup

ivoandrade05 - github antigo
ivoandrade66 - github novo  senha Gsogi925@
	https://github.com/ivoandrade66/curso-brq-java-2022-09-05.git
	
	
	git clone  
		https://github.com/ivoandrade66/curso-brq-java-2022-09-05.git
		
	git status 
				On branch main

No commits yet

Untracked files:
  (use "git add <file>..." to include in what will be committed)
        OlaMundo.class
        OlaMundo.java
        arquivo1.txt

nothing added to commit but untracked files present (use "git add" to track)

	git add
	
resumo:

1-) git add 

adiciona as modifições ou novos arquivos 
para que o GIT comece a versionar os mesmos

ex: git add index.html

2-) git commit

adiciona nas moficações para o repositório local

ex: git commit -m "criando nosso primeiro arquivo"

3-) git push

Enviar as modifições do repositório local para o 
repositório remoto

4-) criar nova branch

checkout (apontar para outra branch)

comando: git checkout -b nova-branch

5-) pull

Recupera e atualiza todas as alterações que estão no 
repositório remoto e não estão no repositório local.

6-) MERGE

Possibilita enviar as alterações da branch atualiza
para uma branch em questão

obs: devemos estar observando a branch de destino e 
usar o merge para a branch de origem

git merge nova-branch


Gravações 
https://drive.google.com/file/d/1yYu1aIIlBe79jYJARqpADFI7njH1UEuz/view?usp=sharing

https://drive.google.com/file/d/1NNctJy-2yExmctACXnS-yCD_EAXLxtVW/view?usp=drivesdk

https://drive.google.com/file/d/1aJBpaBLIUhfgvU3oVSifjGHSL0k7U7m7/view?usp=drivesdk

Aula 3 - 08/09/2022

Revisão da aula anterior.

git config --global user.email "SEU EMAIL"
  git config --global user.name "SEU NOME"
  
git config --list

git pull -- traz apenas as alterações do remoto

git checkout -b <nome-da-branch>
git checkout -b alterar-arquivos

git push --set-upstream origin alterar-arquivos

criar novo-arquivo.txt na nova branch alterar-arquivos

1-) git add .
2-) git commit -m "novo arquivo"
3-) git push
4-) na nova branch alterar-arquivos terá todos os arquivo mais o novo-arquivo.txt
5-) se alternar na web pra branch  main o arquivo novo-arquivo não estará lá e somente na alterar-arquivos

git checkout -b (criar uma nova branch)
git checkout (apenas troca de branch)

Aula 4 - 09/09/2022

Aula 5 - 10/09/2022

EXERCICIO PASCOA

a   = ANO % 19
b   = ANO / 100
c   = ANO % 100
d   = b / 4
e   = b % 4
f   = (b + 8) / 25
g   = (b - f + 1) / 3
h   = (19 × a + b - d - g + 15) % 30
i   = c / 4
j   = c % 4
k   = (32 + 2 * e + 2 * i - h - j) % 7
L   = (a + 11 * h + 22 * k) / 451
MES = (h + k - 7 * L + 114) / 31
DIA = ((h + k - 7 * L + 114) % 31) + 1

----------------------------------------------------------------


GIT FLOW: 
1-) sempre deixar o código de produção na branch master
2-) sempre  criar uma branch a partir da "branch de desenvolvimento"

--------------------------------------------------------------------


https://wslstorestorage.blob.core.windows.net/wslblob/wsl_update_x64.msi

